C:\Program Files\dotnet\sdk\10.0.300-preview.0.26177.108\Sdks\Microsoft.NET.Sdk\targets\Microsoft.NET.RuntimeIdentifierInference.targets(383,5): message NETSDK1057: You are using a preview version of .NET. See: https://aka.ms/dotnet-support-policy [G:\PROJECT .NET\SchoolMS\clonelatest\SchoolManagementSystem.csproj]
C:\Program Files\dotnet\sdk\10.0.300-preview.0.26177.108\Roslyn\Microsoft.CSharp.Core.targets(97,5): error : Process terminated. [G:\PROJECT .NET\SchoolMS\clonelatest\SchoolManagementSystem.csproj]
C:\Program Files\dotnet\sdk\10.0.300-preview.0.26177.108\Roslyn\Microsoft.CSharp.Core.targets(97,5): error : System.OutOfMemoryException: Exception of type 'System.OutOfMemoryException' was thrown. [G:\PROJECT .NET\SchoolMS\clonelatest\SchoolManagementSystem.csproj]
C:\Program Files\dotnet\sdk\10.0.300-preview.0.26177.108\Roslyn\Microsoft.CSharp.Core.targets(97,5): error :    at System.Collections.Generic.Dictionary`2.Initialize(Int32 capacity) [G:\PROJECT .NET\SchoolMS\clonelatest\SchoolManagementSystem.csproj]
C:\Program Files\dotnet\sdk\10.0.300-preview.0.26177.108\Roslyn\Microsoft.CSharp.Core.targets(97,5): error :    at System.Collections.Generic.Dictionary`2.EnsureCapacity(Int32 capacity) [G:\PROJECT .NET\SchoolMS\clonelatest\SchoolManagementSystem.csproj]
C:\Program Files\dotnet\sdk\10.0.300-preview.0.26177.108\Roslyn\Microsoft.CSharp.Core.targets(97,5): error :    at Microsoft.CodeAnalysis.CSharp.MemberSemanticModel.NodeMapBuilder.AddToMap(BoundNode root, Dictionary`2 map, SyntaxTree tree, SyntaxNode node) [G:\PROJECT .NET\SchoolMS\clonelatest\SchoolManagementSystem.csproj]
C:\Program Files\dotnet\sdk\10.0.300-preview.0.26177.108\Roslyn\Microsoft.CSharp.Core.targets(97,5): error :    at Microsoft.CodeAnalysis.CSharp.MemberSemanticModel.GuardedAddBoundTreeForStandaloneSyntax(SyntaxNode syntax, BoundNode bound, SnapshotManager manager, ImmutableDictionary`2 remappedSymbols) [G:\PROJECT .NET\SchoolMS\clonelatest\SchoolManagementSystem.csproj]
C:\Program Files\dotnet\sdk\10.0.300-preview.0.26177.108\Roslyn\Microsoft.CSharp.Core.targets(97,5): error :    at Microsoft.CodeAnalysis.CSharp.MemberSemanticModel.UnguardedAddBoundTreeForStandaloneSyntax(SyntaxNode syntax, BoundNode bound, SnapshotManager manager, ImmutableDictionary`2 remappedSymbols) [G:\PROJECT .NET\SchoolMS\clonelatest\SchoolManagementSystem.csproj]
C:\Program Files\dotnet\sdk\10.0.300-preview.0.26177.108\Roslyn\Microsoft.CSharp.Core.targets(97,5): error :    at Microsoft.CodeAnalysis.CSharp.MethodBodySemanticModel.Create(SyntaxTreeSemanticModel containingSemanticModel, MethodSymbol owner, InitialState initialState) [G:\PROJECT .NET\SchoolMS\clonelatest\SchoolManagementSystem.csproj]
C:\Program Files\dotnet\sdk\10.0.300-preview.0.26177.108\Roslyn\Microsoft.CSharp.Core.targets(97,5): error :    at Microsoft.CodeAnalysis.CSharp.MethodCompiler.<>c__DisplayClass37_0.<CompileMethod>b__0(CSharpSyntaxNode rootSyntax) [G:\PROJECT .NET\SchoolMS\clonelatest\SchoolManagementSystem.csproj]
C:\Program Files\dotnet\sdk\10.0.300-preview.0.26177.108\Roslyn\Microsoft.CSharp.Core.targets(97,5): error :    at System.Collections.Immutable.ImmutableInterlocked.GetOrAdd[TKey,TValue](ImmutableDictionary`2& location, TKey key, Func`2 valueFactory) [G:\PROJECT .NET\SchoolMS\clonelatest\SchoolManagementSystem.csproj]
C:\Program Files\dotnet\sdk\10.0.300-preview.0.26177.108\Roslyn\Microsoft.CSharp.Core.targets(97,5): error :    at Microsoft.CodeAnalysis.CSharp.MethodCompiler.CompileMethod(MethodSymbol methodSymbol, Int32 methodOrdinal, ProcessedFieldInitializers& processedInitializers, SynthesizedSubmissionFields previousSubmissionFields, TypeCompilationState compilationState) [G:\PROJECT .NET\SchoolMS\clonelatest\SchoolManagementSystem.csproj]
C:\Program Files\dotnet\sdk\10.0.300-preview.0.26177.108\Roslyn\Microsoft.CSharp.Core.targets(97,5): error :    at Microsoft.CodeAnalysis.CSharp.MethodCompiler.CompileNamedType(NamedTypeSymbol containingType) [G:\PROJECT .NET\SchoolMS\clonelatest\SchoolManagementSystem.csproj]
C:\Program Files\dotnet\sdk\10.0.300-preview.0.26177.108\Roslyn\Microsoft.CSharp.Core.targets(97,5): error :    at Microsoft.CodeAnalysis.CSharp.MethodCompiler.<>c__DisplayClass25_0.<CompileNamedTypeAsync>b__0() [G:\PROJECT .NET\SchoolMS\clonelatest\SchoolManagementSystem.csproj]
C:\Program Files\dotnet\sdk\10.0.300-preview.0.26177.108\Roslyn\Microsoft.CSharp.Core.targets(97,5): error :    at System.Environment.FailFast(System.Runtime.CompilerServices.StackCrawlMarkHandle, System.String, System.Runtime.CompilerServices.ObjectHandleOnStack, System.String) [G:\PROJECT .NET\SchoolMS\clonelatest\SchoolManagementSystem.csproj]
C:\Program Files\dotnet\sdk\10.0.300-preview.0.26177.108\Roslyn\Microsoft.CSharp.Core.targets(97,5): error :    at System.Environment.FailFast(System.Threading.StackCrawlMark ByRef, System.String, System.Exception, System.String) [G:\PROJECT .NET\SchoolMS\clonelatest\SchoolManagementSystem.csproj]
C:\Program Files\dotnet\sdk\10.0.300-preview.0.26177.108\Roslyn\Microsoft.CSharp.Core.targets(97,5): error :    at System.Environment.FailFast(System.String, System.Exception) [G:\PROJECT .NET\SchoolMS\clonelatest\SchoolManagementSystem.csproj]
C:\Program Files\dotnet\sdk\10.0.300-preview.0.26177.108\Roslyn\Microsoft.CSharp.Core.targets(97,5): error :    at Microsoft.CodeAnalysis.ErrorReporting.FailFast.OnFatalException(System.Exception) [G:\PROJECT .NET\SchoolMS\clonelatest\SchoolManagementSystem.csproj]
C:\Program Files\dotnet\sdk\10.0.300-preview.0.26177.108\Roslyn\Microsoft.CSharp.Core.targets(97,5): error :    at Microsoft.CodeAnalysis.ErrorReporting.FatalError.Report(System.Exception, Microsoft.CodeAnalysis.ErrorReporting.ErrorSeverity, Boolean) [G:\PROJECT .NET\SchoolMS\clonelatest\SchoolManagementSystem.csproj]
C:\Program Files\dotnet\sdk\10.0.300-preview.0.26177.108\Roslyn\Microsoft.CSharp.Core.targets(97,5): error :    at Microsoft.CodeAnalysis.ErrorReporting.FatalError.ReportAndPropagateUnlessCanceled(System.Exception, Microsoft.CodeAnalysis.ErrorReporting.ErrorSeverity) [G:\PROJECT .NET\SchoolMS\clonelatest\SchoolManagementSystem.csproj]
C:\Program Files\dotnet\sdk\10.0.300-preview.0.26177.108\Roslyn\Microsoft.CSharp.Core.targets(97,5): error :    at Microsoft.CodeAnalysis.CSharp.MethodCompiler+<>c__DisplayClass25_0.<CompileNamedTypeAsync>b__0() [G:\PROJECT .NET\SchoolMS\clonelatest\SchoolManagementSystem.csproj]
C:\Program Files\dotnet\sdk\10.0.300-preview.0.26177.108\Roslyn\Microsoft.CSharp.Core.targets(97,5): error :    at System.Runtime.EH.FindFirstPassHandler(System.Object, UInt32, System.Runtime.StackFrameIterator ByRef, UInt32 ByRef, Byte* ByRef) [G:\PROJECT .NET\SchoolMS\clonelatest\SchoolManagementSystem.csproj]
C:\Program Files\dotnet\sdk\10.0.300-preview.0.26177.108\Roslyn\Microsoft.CSharp.Core.targets(97,5): error :    at System.Runtime.EH.DispatchEx(System.Runtime.StackFrameIterator ByRef, ExInfo ByRef) [G:\PROJECT .NET\SchoolMS\clonelatest\SchoolManagementSystem.csproj]
C:\Program Files\dotnet\sdk\10.0.300-preview.0.26177.108\Roslyn\Microsoft.CSharp.Core.targets(97,5): error :    at System.Collections.Generic.Dictionary`2[[System.__Canon, System.Private.CoreLib, Version=10.0.0.0, Culture=neutral, PublicKeyToken=7cec85d7bea7798e],[Microsoft.CodeAnalysis.Collections.OneOrMany`1[[System.__Canon, System.Private.CoreLib, Version=10.0.0.0, Culture=neutral, PublicKeyToken=7cec85d7bea7798e]], Microsoft.CodeAnalysis, Version=5.6.0.0, Culture=neutral, PublicKeyToken=31bf3856ad364e35]].Initialize(Int32) [G:\PROJECT .NET\SchoolMS\clonelatest\SchoolManagementSystem.csproj]
C:\Program Files\dotnet\sdk\10.0.300-preview.0.26177.108\Roslyn\Microsoft.CSharp.Core.targets(97,5): error :    at System.Collections.Generic.Dictionary`2[[System.__Canon, System.Private.CoreLib, Version=10.0.0.0, Culture=neutral, PublicKeyToken=7cec85d7bea7798e],[Microsoft.CodeAnalysis.Collections.OneOrMany`1[[System.__Canon, System.Private.CoreLib, Version=10.0.0.0, Culture=neutral, PublicKeyToken=7cec85d7bea7798e]], Microsoft.CodeAnalysis, Version=5.6.0.0, Culture=neutral, PublicKeyToken=31bf3856ad364e35]].EnsureCapacity(Int32) [G:\PROJECT .NET\SchoolMS\clonelatest\SchoolManagementSystem.csproj]
C:\Program Files\dotnet\sdk\10.0.300-preview.0.26177.108\Roslyn\Microsoft.CSharp.Core.targets(97,5): error :    at Microsoft.CodeAnalysis.CSharp.MemberSemanticModel+NodeMapBuilder.AddToMap(Microsoft.CodeAnalysis.CSharp.BoundNode, System.Collections.Generic.Dictionary`2<Microsoft.CodeAnalysis.SyntaxNode,Microsoft.CodeAnalysis.Collections.OneOrMany`1<Microsoft.CodeAnalysis.CSharp.BoundNode>>, Microsoft.CodeAnalysis.SyntaxTree, Microsoft.CodeAnalysis.SyntaxNode) [G:\PROJECT .NET\SchoolMS\clonelatest\SchoolManagementSystem.csproj]
C:\Program Files\dotnet\sdk\10.0.300-preview.0.26177.108\Roslyn\Microsoft.CSharp.Core.targets(97,5): error :    at Microsoft.CodeAnalysis.CSharp.MemberSemanticModel.GuardedAddBoundTreeForStandaloneSyntax(Microsoft.CodeAnalysis.SyntaxNode, Microsoft.CodeAnalysis.CSharp.BoundNode, SnapshotManager, System.Collections.Immutable.ImmutableDictionary`2<Microsoft.CodeAnalysis.CSharp.Symbol,Microsoft.CodeAnalysis.CSharp.Symbol>) [G:\PROJECT .NET\SchoolMS\clonelatest\SchoolManagementSystem.csproj]
C:\Program Files\dotnet\sdk\10.0.300-preview.0.26177.108\Roslyn\Microsoft.CSharp.Core.targets(97,5): error :    at Microsoft.CodeAnalysis.CSharp.MemberSemanticModel.UnguardedAddBoundTreeForStandaloneSyntax(Microsoft.CodeAnalysis.SyntaxNode, Microsoft.CodeAnalysis.CSharp.BoundNode, SnapshotManager, System.Collections.Immutable.ImmutableDictionary`2<Microsoft.CodeAnalysis.CSharp.Symbol,Microsoft.CodeAnalysis.CSharp.Symbol>) [G:\PROJECT .NET\SchoolMS\clonelatest\SchoolManagementSystem.csproj]
C:\Program Files\dotnet\sdk\10.0.300-preview.0.26177.108\Roslyn\Microsoft.CSharp.Core.targets(97,5): error :    at Microsoft.CodeAnalysis.CSharp.MethodBodySemanticModel.Create(Microsoft.CodeAnalysis.CSharp.SyntaxTreeSemanticModel, Microsoft.CodeAnalysis.CSharp.Symbols.MethodSymbol, InitialState) [G:\PROJECT .NET\SchoolMS\clonelatest\SchoolManagementSystem.csproj]
C:\Program Files\dotnet\sdk\10.0.300-preview.0.26177.108\Roslyn\Microsoft.CSharp.Core.targets(97,5): error :    at Microsoft.CodeAnalysis.CSharp.MethodCompiler+<>c__DisplayClass37_0.<CompileMethod>b__0(Microsoft.CodeAnalysis.CSharp.CSharpSyntaxNode) [G:\PROJECT .NET\SchoolMS\clonelatest\SchoolManagementSystem.csproj]
C:\Program Files\dotnet\sdk\10.0.300-preview.0.26177.108\Roslyn\Microsoft.CSharp.Core.targets(97,5): error :    at System.Collections.Immutable.ImmutableInterlocked.GetOrAdd[[System.__Canon, System.Private.CoreLib, Version=10.0.0.0, Culture=neutral, PublicKeyToken=7cec85d7bea7798e],[System.__Canon, System.Private.CoreLib, Version=10.0.0.0, Culture=neutral, PublicKeyToken=7cec85d7bea7798e]](System.Collections.Immutable.ImmutableDictionary`2<System.__Canon,System.__Canon> ByRef, System.__Canon, System.Func`2<System.__Canon,System.__Canon>) [G:\PROJECT .NET\SchoolMS\clonelatest\SchoolManagementSystem.csproj]
C:\Program Files\dotnet\sdk\10.0.300-preview.0.26177.108\Roslyn\Microsoft.CSharp.Core.targets(97,5): error :    at Microsoft.CodeAnalysis.CSharp.MethodCompiler.CompileMethod(Microsoft.CodeAnalysis.CSharp.Symbols.MethodSymbol, Int32, ProcessedFieldInitializers ByRef, Microsoft.CodeAnalysis.CSharp.SynthesizedSubmissionFields, Microsoft.CodeAnalysis.CSharp.TypeCompilationState) [G:\PROJECT .NET\SchoolMS\clonelatest\SchoolManagementSystem.csproj]
C:\Program Files\dotnet\sdk\10.0.300-preview.0.26177.108\Roslyn\Microsoft.CSharp.Core.targets(97,5): error :    at Microsoft.CodeAnalysis.CSharp.MethodCompiler.CompileNamedType(Microsoft.CodeAnalysis.CSharp.Symbols.NamedTypeSymbol) [G:\PROJECT .NET\SchoolMS\clonelatest\SchoolManagementSystem.csproj]
C:\Program Files\dotnet\sdk\10.0.300-preview.0.26177.108\Roslyn\Microsoft.CSharp.Core.targets(97,5): error :    at Microsoft.CodeAnalysis.CSharp.MethodCompiler+<>c__DisplayClass25_0.<CompileNamedTypeAsync>b__0() [G:\PROJECT .NET\SchoolMS\clonelatest\SchoolManagementSystem.csproj]
C:\Program Files\dotnet\sdk\10.0.300-preview.0.26177.108\Roslyn\Microsoft.CSharp.Core.targets(97,5): error :    at System.Threading.ExecutionContext.RunFromThreadPoolDispatchLoop(System.Threading.Thread, System.Threading.ExecutionContext, System.Threading.ContextCallback, System.Object) [G:\PROJECT .NET\SchoolMS\clonelatest\SchoolManagementSystem.csproj]
C:\Program Files\dotnet\sdk\10.0.300-preview.0.26177.108\Roslyn\Microsoft.CSharp.Core.targets(97,5): error :    at System.Threading.Tasks.Task.ExecuteWithThreadLocal(System.Threading.Tasks.Task ByRef, System.Threading.Thread) [G:\PROJECT .NET\SchoolMS\clonelatest\SchoolManagementSystem.csproj]
C:\Program Files\dotnet\sdk\10.0.300-preview.0.26177.108\Roslyn\Microsoft.CSharp.Core.targets(97,5): error :    at System.Threading.ThreadPoolWorkQueue.Dispatch() [G:\PROJECT .NET\SchoolMS\clonelatest\SchoolManagementSystem.csproj]
C:\Program Files\dotnet\sdk\10.0.300-preview.0.26177.108\Roslyn\Microsoft.CSharp.Core.targets(97,5): error :    at System.Threading.PortableThreadPool+WorkerThread.WorkerThreadStart() [G:\PROJECT .NET\SchoolMS\clonelatest\SchoolManagementSystem.csproj]
C:\Program Files\dotnet\sdk\10.0.300-preview.0.26177.108\Roslyn\Microsoft.CSharp.Core.targets(97,5): error :    at System.Threading.Thread.StartCallback() [G:\PROJECT .NET\SchoolMS\clonelatest\SchoolManagementSystem.csproj]
C:\Program Files\dotnet\sdk\10.0.300-preview.0.26177.108\Roslyn\Microsoft.CSharp.Core.targets(97,5): error : System.OutOfMemoryException: Exception of type 'System.OutOfMemoryException' was thrown. [G:\PROJECT .NET\SchoolMS\clonelatest\SchoolManagementSystem.csproj]
C:\Program Files\dotnet\sdk\10.0.300-preview.0.26177.108\Roslyn\Microsoft.CSharp.Core.targets(97,5): error :    at System.Collections.Generic.Dictionary`2.Initialize(Int32 capacity) [G:\PROJECT .NET\SchoolMS\clonelatest\SchoolManagementSystem.csproj]
C:\Program Files\dotnet\sdk\10.0.300-preview.0.26177.108\Roslyn\Microsoft.CSharp.Core.targets(97,5): error :    at System.Collections.Generic.Dictionary`2.EnsureCapacity(Int32 capacity) [G:\PROJECT .NET\SchoolMS\clonelatest\SchoolManagementSystem.csproj]
C:\Program Files\dotnet\sdk\10.0.300-preview.0.26177.108\Roslyn\Microsoft.CSharp.Core.targets(97,5): error :    at Microsoft.CodeAnalysis.CSharp.MemberSemanticModel.NodeMapBuilder.AddToMap(BoundNode root, Dictionary`2 map, SyntaxTree tree, SyntaxNode node) [G:\PROJECT .NET\SchoolMS\clonelatest\SchoolManagementSystem.csproj]
C:\Program Files\dotnet\sdk\10.0.300-preview.0.26177.108\Roslyn\Microsoft.CSharp.Core.targets(97,5): error :    at Microsoft.CodeAnalysis.CSharp.MemberSemanticModel.GuardedAddBoundTreeForStandaloneSyntax(SyntaxNode syntax, BoundNode bound, SnapshotManager manager, ImmutableDictionary`2 remappedSymbols) [G:\PROJECT .NET\SchoolMS\clonelatest\SchoolManagementSystem.csproj]
C:\Program Files\dotnet\sdk\10.0.300-preview.0.26177.108\Roslyn\Microsoft.CSharp.Core.targets(97,5): error :    at Microsoft.CodeAnalysis.CSharp.MemberSemanticModel.UnguardedAddBoundTreeForStandaloneSyntax(SyntaxNode syntax, BoundNode bound, SnapshotManager manager, ImmutableDictionary`2 remappedSymbols) [G:\PROJECT .NET\SchoolMS\clonelatest\SchoolManagementSystem.csproj]
C:\Program Files\dotnet\sdk\10.0.300-preview.0.26177.108\Roslyn\Microsoft.CSharp.Core.targets(97,5): error :    at Microsoft.CodeAnalysis.CSharp.MethodBodySemanticModel.Create(SyntaxTreeSemanticModel containingSemanticModel, MethodSymbol owner, InitialState initialState) [G:\PROJECT .NET\SchoolMS\clonelatest\SchoolManagementSystem.csproj]
C:\Program Files\dotnet\sdk\10.0.300-preview.0.26177.108\Roslyn\Microsoft.CSharp.Core.targets(97,5): error :    at Microsoft.CodeAnalysis.CSharp.MethodCompiler.<>c__DisplayClass37_0.<CompileMethod>b__0(CSharpSyntaxNode rootSyntax) [G:\PROJECT .NET\SchoolMS\clonelatest\SchoolManagementSystem.csproj]
C:\Program Files\dotnet\sdk\10.0.300-preview.0.26177.108\Roslyn\Microsoft.CSharp.Core.targets(97,5): error :    at System.Collections.Immutable.ImmutableInterlocked.GetOrAdd[TKey,TValue](ImmutableDictionary`2& location, TKey key, Func`2 valueFactory) [G:\PROJECT .NET\SchoolMS\clonelatest\SchoolManagementSystem.csproj]
C:\Program Files\dotnet\sdk\10.0.300-preview.0.26177.108\Roslyn\Microsoft.CSharp.Core.targets(97,5): error :    at Microsoft.CodeAnalysis.CSharp.MethodCompiler.CompileMethod(MethodSymbol methodSymbol, Int32 methodOrdinal, ProcessedFieldInitializers& processedInitializers, SynthesizedSubmissionFields previousSubmissionFields, TypeCompilationState compilationState) [G:\PROJECT .NET\SchoolMS\clonelatest\SchoolManagementSystem.csproj]
C:\Program Files\dotnet\sdk\10.0.300-preview.0.26177.108\Roslyn\Microsoft.CSharp.Core.targets(97,5): error :    at Microsoft.CodeAnalysis.CSharp.MethodCompiler.CompileNamedType(NamedTypeSymbol containingType) [G:\PROJECT .NET\SchoolMS\clonelatest\SchoolManagementSystem.csproj]
C:\Program Files\dotnet\sdk\10.0.300-preview.0.26177.108\Roslyn\Microsoft.CSharp.Core.targets(97,5): error :    at Microsoft.CodeAnalysis.CSharp.MethodCompiler.<>c__DisplayClass25_0.<CompileNamedTypeAsync>b__0() [G:\PROJECT .NET\SchoolMS\clonelatest\SchoolManagementSystem.csproj]

Build FAILED.

C:\Program Files\dotnet\sdk\10.0.300-preview.0.26177.108\Roslyn\Microsoft.CSharp.Core.targets(97,5): error : Process terminated. [G:\PROJECT .NET\SchoolMS\clonelatest\SchoolManagementSystem.csproj]
C:\Program Files\dotnet\sdk\10.0.300-preview.0.26177.108\Roslyn\Microsoft.CSharp.Core.targets(97,5): error : System.OutOfMemoryException: Exception of type 'System.OutOfMemoryException' was thrown. [G:\PROJECT .NET\SchoolMS\clonelatest\SchoolManagementSystem.csproj]
C:\Program Files\dotnet\sdk\10.0.300-preview.0.26177.108\Roslyn\Microsoft.CSharp.Core.targets(97,5): error :    at System.Collections.Generic.Dictionary`2.Initialize(Int32 capacity) [G:\PROJECT .NET\SchoolMS\clonelatest\SchoolManagementSystem.csproj]
C:\Program Files\dotnet\sdk\10.0.300-preview.0.26177.108\Roslyn\Microsoft.CSharp.Core.targets(97,5): error :    at System.Collections.Generic.Dictionary`2.EnsureCapacity(Int32 capacity) [G:\PROJECT .NET\SchoolMS\clonelatest\SchoolManagementSystem.csproj]
C:\Program Files\dotnet\sdk\10.0.300-preview.0.26177.108\Roslyn\Microsoft.CSharp.Core.targets(97,5): error :    at Microsoft.CodeAnalysis.CSharp.MemberSemanticModel.NodeMapBuilder.AddToMap(BoundNode root, Dictionary`2 map, SyntaxTree tree, SyntaxNode node) [G:\PROJECT .NET\SchoolMS\clonelatest\SchoolManagementSystem.csproj]
C:\Program Files\dotnet\sdk\10.0.300-preview.0.26177.108\Roslyn\Microsoft.CSharp.Core.targets(97,5): error :    at Microsoft.CodeAnalysis.CSharp.MemberSemanticModel.GuardedAddBoundTreeForStandaloneSyntax(SyntaxNode syntax, BoundNode bound, SnapshotManager manager, ImmutableDictionary`2 remappedSymbols) [G:\PROJECT .NET\SchoolMS\clonelatest\SchoolManagementSystem.csproj]
C:\Program Files\dotnet\sdk\10.0.300-preview.0.26177.108\Roslyn\Microsoft.CSharp.Core.targets(97,5): error :    at Microsoft.CodeAnalysis.CSharp.MemberSemanticModel.UnguardedAddBoundTreeForStandaloneSyntax(SyntaxNode syntax, BoundNode bound, SnapshotManager manager, ImmutableDictionary`2 remappedSymbols) [G:\PROJECT .NET\SchoolMS\clonelatest\SchoolManagementSystem.csproj]
C:\Program Files\dotnet\sdk\10.0.300-preview.0.26177.108\Roslyn\Microsoft.CSharp.Core.targets(97,5): error :    at Microsoft.CodeAnalysis.CSharp.MethodBodySemanticModel.Create(SyntaxTreeSemanticModel containingSemanticModel, MethodSymbol owner, InitialState initialState) [G:\PROJECT .NET\SchoolMS\clonelatest\SchoolManagementSystem.csproj]
C:\Program Files\dotnet\sdk\10.0.300-preview.0.26177.108\Roslyn\Microsoft.CSharp.Core.targets(97,5): error :    at Microsoft.CodeAnalysis.CSharp.MethodCompiler.<>c__DisplayClass37_0.<CompileMethod>b__0(CSharpSyntaxNode rootSyntax) [G:\PROJECT .NET\SchoolMS\clonelatest\SchoolManagementSystem.csproj]
C:\Program Files\dotnet\sdk\10.0.300-preview.0.26177.108\Roslyn\Microsoft.CSharp.Core.targets(97,5): error :    at System.Collections.Immutable.ImmutableInterlocked.GetOrAdd[TKey,TValue](ImmutableDictionary`2& location, TKey key, Func`2 valueFactory) [G:\PROJECT .NET\SchoolMS\clonelatest\SchoolManagementSystem.csproj]
C:\Program Files\dotnet\sdk\10.0.300-preview.0.26177.108\Roslyn\Microsoft.CSharp.Core.targets(97,5): error :    at Microsoft.CodeAnalysis.CSharp.MethodCompiler.CompileMethod(MethodSymbol methodSymbol, Int32 methodOrdinal, ProcessedFieldInitializers& processedInitializers, SynthesizedSubmissionFields previousSubmissionFields, TypeCompilationState compilationState) [G:\PROJECT .NET\SchoolMS\clonelatest\SchoolManagementSystem.csproj]
C:\Program Files\dotnet\sdk\10.0.300-preview.0.26177.108\Roslyn\Microsoft.CSharp.Core.targets(97,5): error :    at Microsoft.CodeAnalysis.CSharp.MethodCompiler.CompileNamedType(NamedTypeSymbol containingType) [G:\PROJECT .NET\SchoolMS\clonelatest\SchoolManagementSystem.csproj]
C:\Program Files\dotnet\sdk\10.0.300-preview.0.26177.108\Roslyn\Microsoft.CSharp.Core.targets(97,5): error :    at Microsoft.CodeAnalysis.CSharp.MethodCompiler.<>c__DisplayClass25_0.<CompileNamedTypeAsync>b__0() [G:\PROJECT .NET\SchoolMS\clonelatest\SchoolManagementSystem.csproj]
C:\Program Files\dotnet\sdk\10.0.300-preview.0.26177.108\Roslyn\Microsoft.CSharp.Core.targets(97,5): error :    at System.Environment.FailFast(System.Runtime.CompilerServices.StackCrawlMarkHandle, System.String, System.Runtime.CompilerServices.ObjectHandleOnStack, System.String) [G:\PROJECT .NET\SchoolMS\clonelatest\SchoolManagementSystem.csproj]
C:\Program Files\dotnet\sdk\10.0.300-preview.0.26177.108\Roslyn\Microsoft.CSharp.Core.targets(97,5): error :    at System.Environment.FailFast(System.Threading.StackCrawlMark ByRef, System.String, System.Exception, System.String) [G:\PROJECT .NET\SchoolMS\clonelatest\SchoolManagementSystem.csproj]
C:\Program Files\dotnet\sdk\10.0.300-preview.0.26177.108\Roslyn\Microsoft.CSharp.Core.targets(97,5): error :    at System.Environment.FailFast(System.String, System.Exception) [G:\PROJECT .NET\SchoolMS\clonelatest\SchoolManagementSystem.csproj]
C:\Program Files\dotnet\sdk\10.0.300-preview.0.26177.108\Roslyn\Microsoft.CSharp.Core.targets(97,5): error :    at Microsoft.CodeAnalysis.ErrorReporting.FailFast.OnFatalException(System.Exception) [G:\PROJECT .NET\SchoolMS\clonelatest\SchoolManagementSystem.csproj]
C:\Program Files\dotnet\sdk\10.0.300-preview.0.26177.108\Roslyn\Microsoft.CSharp.Core.targets(97,5): error :    at Microsoft.CodeAnalysis.ErrorReporting.FatalError.Report(System.Exception, Microsoft.CodeAnalysis.ErrorReporting.ErrorSeverity, Boolean) [G:\PROJECT .NET\SchoolMS\clonelatest\SchoolManagementSystem.csproj]
C:\Program Files\dotnet\sdk\10.0.300-preview.0.26177.108\Roslyn\Microsoft.CSharp.Core.targets(97,5): error :    at Microsoft.CodeAnalysis.ErrorReporting.FatalError.ReportAndPropagateUnlessCanceled(System.Exception, Microsoft.CodeAnalysis.ErrorReporting.ErrorSeverity) [G:\PROJECT .NET\SchoolMS\clonelatest\SchoolManagementSystem.csproj]
C:\Program Files\dotnet\sdk\10.0.300-preview.0.26177.108\Roslyn\Microsoft.CSharp.Core.targets(97,5): error :    at Microsoft.CodeAnalysis.CSharp.MethodCompiler+<>c__DisplayClass25_0.<CompileNamedTypeAsync>b__0() [G:\PROJECT .NET\SchoolMS\clonelatest\SchoolManagementSystem.csproj]
C:\Program Files\dotnet\sdk\10.0.300-preview.0.26177.108\Roslyn\Microsoft.CSharp.Core.targets(97,5): error :    at System.Runtime.EH.FindFirstPassHandler(System.Object, UInt32, System.Runtime.StackFrameIterator ByRef, UInt32 ByRef, Byte* ByRef) [G:\PROJECT .NET\SchoolMS\clonelatest\SchoolManagementSystem.csproj]
C:\Program Files\dotnet\sdk\10.0.300-preview.0.26177.108\Roslyn\Microsoft.CSharp.Core.targets(97,5): error :    at System.Runtime.EH.DispatchEx(System.Runtime.StackFrameIterator ByRef, ExInfo ByRef) [G:\PROJECT .NET\SchoolMS\clonelatest\SchoolManagementSystem.csproj]
C:\Program Files\dotnet\sdk\10.0.300-preview.0.26177.108\Roslyn\Microsoft.CSharp.Core.targets(97,5): error :    at System.Collections.Generic.Dictionary`2[[System.__Canon, System.Private.CoreLib, Version=10.0.0.0, Culture=neutral, PublicKeyToken=7cec85d7bea7798e],[Microsoft.CodeAnalysis.Collections.OneOrMany`1[[System.__Canon, System.Private.CoreLib, Version=10.0.0.0, Culture=neutral, PublicKeyToken=7cec85d7bea7798e]], Microsoft.CodeAnalysis, Version=5.6.0.0, Culture=neutral, PublicKeyToken=31bf3856ad364e35]].Initialize(Int32) [G:\PROJECT .NET\SchoolMS\clonelatest\SchoolManagementSystem.csproj]
C:\Program Files\dotnet\sdk\10.0.300-preview.0.26177.108\Roslyn\Microsoft.CSharp.Core.targets(97,5): error :    at System.Collections.Generic.Dictionary`2[[System.__Canon, System.Private.CoreLib, Version=10.0.0.0, Culture=neutral, PublicKeyToken=7cec85d7bea7798e],[Microsoft.CodeAnalysis.Collections.OneOrMany`1[[System.__Canon, System.Private.CoreLib, Version=10.0.0.0, Culture=neutral, PublicKeyToken=7cec85d7bea7798e]], Microsoft.CodeAnalysis, Version=5.6.0.0, Culture=neutral, PublicKeyToken=31bf3856ad364e35]].EnsureCapacity(Int32) [G:\PROJECT .NET\SchoolMS\clonelatest\SchoolManagementSystem.csproj]
C:\Program Files\dotnet\sdk\10.0.300-preview.0.26177.108\Roslyn\Microsoft.CSharp.Core.targets(97,5): error :    at Microsoft.CodeAnalysis.CSharp.MemberSemanticModel+NodeMapBuilder.AddToMap(Microsoft.CodeAnalysis.CSharp.BoundNode, System.Collections.Generic.Dictionary`2<Microsoft.CodeAnalysis.SyntaxNode,Microsoft.CodeAnalysis.Collections.OneOrMany`1<Microsoft.CodeAnalysis.CSharp.BoundNode>>, Microsoft.CodeAnalysis.SyntaxTree, Microsoft.CodeAnalysis.SyntaxNode) [G:\PROJECT .NET\SchoolMS\clonelatest\SchoolManagementSystem.csproj]
C:\Program Files\dotnet\sdk\10.0.300-preview.0.26177.108\Roslyn\Microsoft.CSharp.Core.targets(97,5): error :    at Microsoft.CodeAnalysis.CSharp.MemberSemanticModel.GuardedAddBoundTreeForStandaloneSyntax(Microsoft.CodeAnalysis.SyntaxNode, Microsoft.CodeAnalysis.CSharp.BoundNode, SnapshotManager, System.Collections.Immutable.ImmutableDictionary`2<Microsoft.CodeAnalysis.CSharp.Symbol,Microsoft.CodeAnalysis.CSharp.Symbol>) [G:\PROJECT .NET\SchoolMS\clonelatest\SchoolManagementSystem.csproj]
C:\Program Files\dotnet\sdk\10.0.300-preview.0.26177.108\Roslyn\Microsoft.CSharp.Core.targets(97,5): error :    at Microsoft.CodeAnalysis.CSharp.MemberSemanticModel.UnguardedAddBoundTreeForStandaloneSyntax(Microsoft.CodeAnalysis.SyntaxNode, Microsoft.CodeAnalysis.CSharp.BoundNode, SnapshotManager, System.Collections.Immutable.ImmutableDictionary`2<Microsoft.CodeAnalysis.CSharp.Symbol,Microsoft.CodeAnalysis.CSharp.Symbol>) [G:\PROJECT .NET\SchoolMS\clonelatest\SchoolManagementSystem.csproj]
C:\Program Files\dotnet\sdk\10.0.300-preview.0.26177.108\Roslyn\Microsoft.CSharp.Core.targets(97,5): error :    at Microsoft.CodeAnalysis.CSharp.MethodBodySemanticModel.Create(Microsoft.CodeAnalysis.CSharp.SyntaxTreeSemanticModel, Microsoft.CodeAnalysis.CSharp.Symbols.MethodSymbol, InitialState) [G:\PROJECT .NET\SchoolMS\clonelatest\SchoolManagementSystem.csproj]
C:\Program Files\dotnet\sdk\10.0.300-preview.0.26177.108\Roslyn\Microsoft.CSharp.Core.targets(97,5): error :    at Microsoft.CodeAnalysis.CSharp.MethodCompiler+<>c__DisplayClass37_0.<CompileMethod>b__0(Microsoft.CodeAnalysis.CSharp.CSharpSyntaxNode) [G:\PROJECT .NET\SchoolMS\clonelatest\SchoolManagementSystem.csproj]
C:\Program Files\dotnet\sdk\10.0.300-preview.0.26177.108\Roslyn\Microsoft.CSharp.Core.targets(97,5): error :    at System.Collections.Immutable.ImmutableInterlocked.GetOrAdd[[System.__Canon, System.Private.CoreLib, Version=10.0.0.0, Culture=neutral, PublicKeyToken=7cec85d7bea7798e],[System.__Canon, System.Private.CoreLib, Version=10.0.0.0, Culture=neutral, PublicKeyToken=7cec85d7bea7798e]](System.Collections.Immutable.ImmutableDictionary`2<System.__Canon,System.__Canon> ByRef, System.__Canon, System.Func`2<System.__Canon,System.__Canon>) [G:\PROJECT .NET\SchoolMS\clonelatest\SchoolManagementSystem.csproj]
C:\Program Files\dotnet\sdk\10.0.300-preview.0.26177.108\Roslyn\Microsoft.CSharp.Core.targets(97,5): error :    at Microsoft.CodeAnalysis.CSharp.MethodCompiler.CompileMethod(Microsoft.CodeAnalysis.CSharp.Symbols.MethodSymbol, Int32, ProcessedFieldInitializers ByRef, Microsoft.CodeAnalysis.CSharp.SynthesizedSubmissionFields, Microsoft.CodeAnalysis.CSharp.TypeCompilationState) [G:\PROJECT .NET\SchoolMS\clonelatest\SchoolManagementSystem.csproj]
C:\Program Files\dotnet\sdk\10.0.300-preview.0.26177.108\Roslyn\Microsoft.CSharp.Core.targets(97,5): error :    at Microsoft.CodeAnalysis.CSharp.MethodCompiler.CompileNamedType(Microsoft.CodeAnalysis.CSharp.Symbols.NamedTypeSymbol) [G:\PROJECT .NET\SchoolMS\clonelatest\SchoolManagementSystem.csproj]
C:\Program Files\dotnet\sdk\10.0.300-preview.0.26177.108\Roslyn\Microsoft.CSharp.Core.targets(97,5): error :    at Microsoft.CodeAnalysis.CSharp.MethodCompiler+<>c__DisplayClass25_0.<CompileNamedTypeAsync>b__0() [G:\PROJECT .NET\SchoolMS\clonelatest\SchoolManagementSystem.csproj]
C:\Program Files\dotnet\sdk\10.0.300-preview.0.26177.108\Roslyn\Microsoft.CSharp.Core.targets(97,5): error :    at System.Threading.ExecutionContext.RunFromThreadPoolDispatchLoop(System.Threading.Thread, System.Threading.ExecutionContext, System.Threading.ContextCallback, System.Object) [G:\PROJECT .NET\SchoolMS\clonelatest\SchoolManagementSystem.csproj]
C:\Program Files\dotnet\sdk\10.0.300-preview.0.26177.108\Roslyn\Microsoft.CSharp.Core.targets(97,5): error :    at System.Threading.Tasks.Task.ExecuteWithThreadLocal(System.Threading.Tasks.Task ByRef, System.Threading.Thread) [G:\PROJECT .NET\SchoolMS\clonelatest\SchoolManagementSystem.csproj]
C:\Program Files\dotnet\sdk\10.0.300-preview.0.26177.108\Roslyn\Microsoft.CSharp.Core.targets(97,5): error :    at System.Threading.ThreadPoolWorkQueue.Dispatch() [G:\PROJECT .NET\SchoolMS\clonelatest\SchoolManagementSystem.csproj]
C:\Program Files\dotnet\sdk\10.0.300-preview.0.26177.108\Roslyn\Microsoft.CSharp.Core.targets(97,5): error :    at System.Threading.PortableThreadPool+WorkerThread.WorkerThreadStart() [G:\PROJECT .NET\SchoolMS\clonelatest\SchoolManagementSystem.csproj]
C:\Program Files\dotnet\sdk\10.0.300-preview.0.26177.108\Roslyn\Microsoft.CSharp.Core.targets(97,5): error :    at System.Threading.Thread.StartCallback() [G:\PROJECT .NET\SchoolMS\clonelatest\SchoolManagementSystem.csproj]
C:\Program Files\dotnet\sdk\10.0.300-preview.0.26177.108\Roslyn\Microsoft.CSharp.Core.targets(97,5): error : System.OutOfMemoryException: Exception of type 'System.OutOfMemoryException' was thrown. [G:\PROJECT .NET\SchoolMS\clonelatest\SchoolManagementSystem.csproj]
C:\Program Files\dotnet\sdk\10.0.300-preview.0.26177.108\Roslyn\Microsoft.CSharp.Core.targets(97,5): error :    at System.Collections.Generic.Dictionary`2.Initialize(Int32 capacity) [G:\PROJECT .NET\SchoolMS\clonelatest\SchoolManagementSystem.csproj]
C:\Program Files\dotnet\sdk\10.0.300-preview.0.26177.108\Roslyn\Microsoft.CSharp.Core.targets(97,5): error :    at System.Collections.Generic.Dictionary`2.EnsureCapacity(Int32 capacity) [G:\PROJECT .NET\SchoolMS\clonelatest\SchoolManagementSystem.csproj]
C:\Program Files\dotnet\sdk\10.0.300-preview.0.26177.108\Roslyn\Microsoft.CSharp.Core.targets(97,5): error :    at Microsoft.CodeAnalysis.CSharp.MemberSemanticModel.NodeMapBuilder.AddToMap(BoundNode root, Dictionary`2 map, SyntaxTree tree, SyntaxNode node) [G:\PROJECT .NET\SchoolMS\clonelatest\SchoolManagementSystem.csproj]
C:\Program Files\dotnet\sdk\10.0.300-preview.0.26177.108\Roslyn\Microsoft.CSharp.Core.targets(97,5): error :    at Microsoft.CodeAnalysis.CSharp.MemberSemanticModel.GuardedAddBoundTreeForStandaloneSyntax(SyntaxNode syntax, BoundNode bound, SnapshotManager manager, ImmutableDictionary`2 remappedSymbols) [G:\PROJECT .NET\SchoolMS\clonelatest\SchoolManagementSystem.csproj]
C:\Program Files\dotnet\sdk\10.0.300-preview.0.26177.108\Roslyn\Microsoft.CSharp.Core.targets(97,5): error :    at Microsoft.CodeAnalysis.CSharp.MemberSemanticModel.UnguardedAddBoundTreeForStandaloneSyntax(SyntaxNode syntax, BoundNode bound, SnapshotManager manager, ImmutableDictionary`2 remappedSymbols) [G:\PROJECT .NET\SchoolMS\clonelatest\SchoolManagementSystem.csproj]
C:\Program Files\dotnet\sdk\10.0.300-preview.0.26177.108\Roslyn\Microsoft.CSharp.Core.targets(97,5): error :    at Microsoft.CodeAnalysis.CSharp.MethodBodySemanticModel.Create(SyntaxTreeSemanticModel containingSemanticModel, MethodSymbol owner, InitialState initialState) [G:\PROJECT .NET\SchoolMS\clonelatest\SchoolManagementSystem.csproj]
C:\Program Files\dotnet\sdk\10.0.300-preview.0.26177.108\Roslyn\Microsoft.CSharp.Core.targets(97,5): error :    at Microsoft.CodeAnalysis.CSharp.MethodCompiler.<>c__DisplayClass37_0.<CompileMethod>b__0(CSharpSyntaxNode rootSyntax) [G:\PROJECT .NET\SchoolMS\clonelatest\SchoolManagementSystem.csproj]
C:\Program Files\dotnet\sdk\10.0.300-preview.0.26177.108\Roslyn\Microsoft.CSharp.Core.targets(97,5): error :    at System.Collections.Immutable.ImmutableInterlocked.GetOrAdd[TKey,TValue](ImmutableDictionary`2& location, TKey key, Func`2 valueFactory) [G:\PROJECT .NET\SchoolMS\clonelatest\SchoolManagementSystem.csproj]
C:\Program Files\dotnet\sdk\10.0.300-preview.0.26177.108\Roslyn\Microsoft.CSharp.Core.targets(97,5): error :    at Microsoft.CodeAnalysis.CSharp.MethodCompiler.CompileMethod(MethodSymbol methodSymbol, Int32 methodOrdinal, ProcessedFieldInitializers& processedInitializers, SynthesizedSubmissionFields previousSubmissionFields, TypeCompilationState compilationState) [G:\PROJECT .NET\SchoolMS\clonelatest\SchoolManagementSystem.csproj]
C:\Program Files\dotnet\sdk\10.0.300-preview.0.26177.108\Roslyn\Microsoft.CSharp.Core.targets(97,5): error :    at Microsoft.CodeAnalysis.CSharp.MethodCompiler.CompileNamedType(NamedTypeSymbol containingType) [G:\PROJECT .NET\SchoolMS\clonelatest\SchoolManagementSystem.csproj]
C:\Program Files\dotnet\sdk\10.0.300-preview.0.26177.108\Roslyn\Microsoft.CSharp.Core.targets(97,5): error :    at Microsoft.CodeAnalysis.CSharp.MethodCompiler.<>c__DisplayClass25_0.<CompileNamedTypeAsync>b__0() [G:\PROJECT .NET\SchoolMS\clonelatest\SchoolManagementSystem.csproj]
    0 Warning(s)
    50 Error(s)

Time Elapsed 00:03:05.25
